ASxxxx Linker V03.00 + NoICE + sdld,  page 1.
Hexadecimal  [32-Bits]

Area                                    Addr        Size        Decimal Bytes (Attributes)
--------------------------------        ----        ----        ------- ----- ------------
CABS                                00000000    00000000 =           0. bytes (ABS,CON,CODE)

      Value  Global                              Global Defined In Module
      -----  --------------------------------   ------------------------
C:   00000000  l_CABS                          
C:   00000000  l_GSINIT1                       
C:   00000000  l_GSINIT5                       
C:   00000000  l_IABS                          
C:   00000000  l_ISEG                          
C:   00000000  l_PSEG                          
C:   00000000  l_REG_BANK_3                    
C:   00000000  l_RSEG                          
C:   00000000  l_RSEG0                         
C:   00000000  l_RSEG1                         
C:   00000000  l_XABS                          
C:   00000000  l_XINIT                         
C:   00000000  l_XISEG                         
C:   00000000  l_XSEG                          
C:   00000000  l__CODE                         
C:   00000000  s_BSEG                          
C:   00000000  s_CABS                          
C:   00000000  s_DSEG                          
C:   00000000  s_HOME                          
C:   00000000  s_IABS                          
C:   00000000  s_ISEG                          
C:   00000000  s_REG_BANK_0                    
C:   00000000  s_RSEG                          
C:   00000000  s_RSEG0                         
C:   00000000  s_RSEG1                         
C:   00000000  s_XABS                          
C:   00000001  l_BIT_BANK                      
C:   00000001  l_BSEG                          
C:   00000001  l_BSEG_BYTES                    
C:   00000001  s_PSEG                          
C:   00000001  s_XISEG                         
C:   00000001  s_XSEG                          
C:   00000003  l_GSFINAL                       
C:   00000003  l_GSINIT0                       
C:   00000004  l_OSEG                          
C:   00000008  l_REG_BANK_0                    
C:   00000008  l_REG_BANK_1                    
C:   00000008  l_REG_BANK_2                    
C:   00000008  s_REG_BANK_1                    
C:   0000000A  l_GSINIT2                       
C:   00000010  s_REG_BANK_2                    
C:   00000018  s_REG_BANK_3                    
C:   0000001A  s_OSEG                          
C:   00000020  s_BSEG_BYTES                    
C:   00000020  s__CODE                         
C:   00000021  l_HOME                          
C:   00000021  s_BIT_BANK                      
C:   00000021  s_GSINIT0                       
C:   00000022  l_GSINIT3                       
C:   00000024  s_GSINIT1                       
ASxxxx Linker V03.00 + NoICE + sdld,  page 2.
Hexadecimal  [32-Bits]

Area                                    Addr        Size        Decimal Bytes (Attributes)
--------------------------------        ----        ----        ------- ----- ------------
CABS                                00000000    00000000 =           0. bytes (ABS,CON,CODE)

      Value  Global                              Global Defined In Module
      -----  --------------------------------   ------------------------
C:   00000024  s_GSINIT2                       
C:   0000002A  l_CONST                         
C:   0000002A  l_GSINIT4                       
C:   0000002E  s_GSINIT3                       
C:   00000050  s_GSINIT4                       
C:   0000007A  s_GSINIT                        
C:   0000007A  s_GSINIT5                       
C:   0000007B  s_SSEG                          
C:   0000007E  l_DSEG                          
C:   00000085  l_SSEG                          
C:   000000DC  l_GSINIT                        
C:   00000100  l_IRAM                          
C:   00000156  s_GSFINAL                       
C:   00000159  s_CSEG                          
C:   00000885  l_CSEG                          
C:   000009DE  s_CONST                         
C:   00000A08  s_XINIT                         

ASxxxx Linker V03.00 + NoICE + sdld,  page 3.
Hexadecimal  [32-Bits]

Area                                    Addr        Size        Decimal Bytes (Attributes)
--------------------------------        ----        ----        ------- ----- ------------
.  .ABS.                            00000000    00000000 =           0. bytes (ABS,CON)

      Value  Global                              Global Defined In Module
      -----  --------------------------------   ------------------------
     00000000  .__.ABS.                           _fsget1arg
     00000080  _P0                                Keypad
     00000080  _P0_0                              Keypad
     00000081  _P0_1                              Keypad
     00000081  _SP                                Keypad
     00000082  _DPL                               Keypad
     00000082  _P0_2                              Keypad
     00000083  _DPH                               Keypad
     00000083  _P0_3                              Keypad
     00000084  _P0_4                              Keypad
     00000085  _P0_5                              Keypad
     00000086  _P0_6                              Keypad
     00000087  _P0_7                              Keypad
     00000087  _PCON                              Keypad
     00000088  _IT0                               Keypad
     00000088  _TCON                              Keypad
     00000089  _IE0                               Keypad
     00000089  _TMOD                              Keypad
     0000008A  _IT1                               Keypad
     0000008A  _TL0                               Keypad
     0000008B  _IE1                               Keypad
     0000008B  _TL1                               Keypad
     0000008C  _TH0                               Keypad
     0000008C  _TR0                               Keypad
     0000008D  _TF0                               Keypad
     0000008D  _TH1                               Keypad
     0000008E  _TR1                               Keypad
     0000008F  _TF1                               Keypad
     00000090  _P1                                Keypad
     00000090  _P1_0                              Keypad
     00000091  _P1_1                              Keypad
     00000092  _P1_2                              Keypad
     00000093  _P1_3                              Keypad
     00000094  _P1_4                              Keypad
     00000095  _P1_5                              Keypad
     00000096  _P1_6                              Keypad
     00000097  _P1_7                              Keypad
     00000098  _RI                                Keypad
     00000098  _SCON                              Keypad
     00000099  _SBUF                              Keypad
     00000099  _TI                                Keypad
     0000009A  _RB8                               Keypad
     0000009B  _TB8                               Keypad
     0000009C  _REN                               Keypad
     0000009D  _SM2                               Keypad
     0000009E  _SM1                               Keypad
     0000009F  _SM0                               Keypad
     000000A0  _P2                                Keypad
     000000A0  _P2_0                              Keypad
     000000A0  __XPAGE                            
ASxxxx Linker V03.00 + NoICE + sdld,  page 4.
Hexadecimal  [32-Bits]

Area                                    Addr        Size        Decimal Bytes (Attributes)
--------------------------------        ----        ----        ------- ----- ------------
.  .ABS.                            00000000    00000000 =           0. bytes (ABS,CON)

      Value  Global                              Global Defined In Module
      -----  --------------------------------   ------------------------
     000000A1  _P2_1                              Keypad
     000000A2  _P2_2                              Keypad
     000000A3  _P2_3                              Keypad
     000000A4  _P2_4                              Keypad
     000000A5  _P2_5                              Keypad
     000000A6  _P2_6                              Keypad
     000000A7  _P2_7                              Keypad
     000000A8  _EX0                               Keypad
     000000A8  _IE                                Keypad
     000000A9  _ET0                               Keypad
     000000AA  _EX1                               Keypad
     000000AB  _ET1                               Keypad
     000000AC  _ES                                Keypad
     000000AF  _EA                                Keypad
     000000B0  _P3                                Keypad
     000000B0  _P3_0                              Keypad
     000000B0  _RXD                               Keypad
     000000B1  _P3_1                              Keypad
     000000B1  _TXD                               Keypad
     000000B2  _INT0                              Keypad
     000000B2  _P3_2                              Keypad
     000000B3  _INT1                              Keypad
     000000B3  _P3_3                              Keypad
     000000B4  _P3_4                              Keypad
     000000B4  _T0                                Keypad
     000000B5  _P3_5                              Keypad
     000000B5  _T1                                Keypad
     000000B6  _P3_6                              Keypad
     000000B6  _WR                                Keypad
     000000B7  _P3_7                              Keypad
     000000B7  _RD                                Keypad
     000000B8  _IP                                Keypad
     000000B8  _PX0                               Keypad
     000000B9  _PT0                               Keypad
     000000BA  _PX1                               Keypad
     000000BB  _PT1                               Keypad
     000000BC  _PS                                Keypad
     000000D0  _P                                 Keypad
     000000D0  _PSW                               Keypad
     000000D1  _F1                                Keypad
     000000D2  _OV                                Keypad
     000000D3  _RS0                               Keypad
     000000D4  _RS1                               Keypad
     000000D5  _F0                                Keypad
     000000D6  _AC                                Keypad
     000000D7  _CY                                Keypad
     000000E0  _ACC                               Keypad
     000000F0  _B                                 Keypad

ASxxxx Linker V03.00 + NoICE + sdld,  page 5.
Hexadecimal  [32-Bits]

Area                                    Addr        Size        Decimal Bytes (Attributes)
--------------------------------        ----        ----        ------- ----- ------------
BSEG_BYTES                          00000020    00000001 =           1. bytes (REL,CON)

      Value  Global                              Global Defined In Module
      -----  --------------------------------   ------------------------
ASxxxx Linker V03.00 + NoICE + sdld,  page 6.
Hexadecimal  [32-Bits]

Area                                    Addr        Size        Decimal Bytes (Attributes)
--------------------------------        ----        ----        ------- ----- ------------
REG_BANK_0                          00000000    00000008 =           8. bytes (REL,OVR)

      Value  Global                              Global Defined In Module
      -----  --------------------------------   ------------------------
ASxxxx Linker V03.00 + NoICE + sdld,  page 7.
Hexadecimal  [32-Bits]

Area                                    Addr        Size        Decimal Bytes (Attributes)
--------------------------------        ----        ----        ------- ----- ------------
REG_BANK_1                          00000008    00000008 =           8. bytes (REL,OVR)

      Value  Global                              Global Defined In Module
      -----  --------------------------------   ------------------------
ASxxxx Linker V03.00 + NoICE + sdld,  page 8.
Hexadecimal  [32-Bits]

Area                                    Addr        Size        Decimal Bytes (Attributes)
--------------------------------        ----        ----        ------- ----- ------------
REG_BANK_2                          00000010    00000008 =           8. bytes (REL,OVR)

      Value  Global                              Global Defined In Module
      -----  --------------------------------   ------------------------
ASxxxx Linker V03.00 + NoICE + sdld,  page 9.
Hexadecimal  [32-Bits]

Area                                    Addr        Size        Decimal Bytes (Attributes)
--------------------------------        ----        ----        ------- ----- ------------
BIT_BANK                            00000021    00000001 =           1. bytes (REL,OVR)

      Value  Global                              Global Defined In Module
      -----  --------------------------------   ------------------------
ASxxxx Linker V03.00 + NoICE + sdld,  page 10.
Hexadecimal  [32-Bits]

Area                                    Addr        Size        Decimal Bytes (Attributes)
--------------------------------        ----        ----        ------- ----- ------------
DSEG                                00000000    0000007E =         126. bytes (REL,CON)

      Value  Global                              Global Defined In Module
      -----  --------------------------------   ------------------------
     00000018  _delay_PARM_2                      LED_Display
     00000019  _column                            Keypad
     00000022  _initial                           eOrgan_108321062
     00000024  _display                           eOrgan_108321062
     00000025  _num                               eOrgan_108321062
     00000026  _press_value                       eOrgan_108321062
     00000027  _fix                               eOrgan_108321062
     00000028  _okey                              eOrgan_108321062
     00000029  _time                              eOrgan_108321062
     0000002A  _key                               eOrgan_108321062
     0000002B  _record_counter                    eOrgan_108321062
     0000002C  _time_counter                      eOrgan_108321062
     0000002D  _tempo_counter                     eOrgan_108321062
     0000002E  _sharp_flat                        eOrgan_108321062
     0000002F  _tone                              eOrgan_108321062
     0000003F  _record_tone                       eOrgan_108321062
     0000005D  _record_key                        eOrgan_108321062

ASxxxx Linker V03.00 + NoICE + sdld,  page 11.
Hexadecimal  [32-Bits]

Area                                    Addr        Size        Decimal Bytes (Attributes)
--------------------------------        ----        ----        ------- ----- ------------
OSEG                                0000001A    00000004 =           4. bytes (REL,OVR)

      Value  Global                              Global Defined In Module
      -----  --------------------------------   ------------------------
     0000001A  __divslong_PARM_2                  _divulong
     0000001A  __divulong_PARM_2                  _divulong
     0000001A  __mulint_PARM_2                    _mulint
ASxxxx Linker V03.00 + NoICE + sdld,  page 12.
Hexadecimal  [32-Bits]

Area                                    Addr        Size        Decimal Bytes (Attributes)
--------------------------------        ----        ----        ------- ----- ------------
SSEG                                0000007B    00000085 =         133. bytes (REL,OVR)

      Value  Global                              Global Defined In Module
      -----  --------------------------------   ------------------------
     0000007B  __start__stack                     eOrgan_108321062

ASxxxx Linker V03.00 + NoICE + sdld,  page 13.
Hexadecimal  [32-Bits]

Area                                    Addr        Size        Decimal Bytes (Attributes)
--------------------------------        ----        ----        ------- ----- ------------
HOME                                00000000    00000021 =          33. bytes (REL,CON,CODE)

      Value  Global                              Global Defined In Module
      -----  --------------------------------   ------------------------
C:   0000001E  __sdcc_program_startup             eOrgan_108321062

ASxxxx Linker V03.00 + NoICE + sdld,  page 14.
Hexadecimal  [32-Bits]

Area                                    Addr        Size        Decimal Bytes (Attributes)
--------------------------------        ----        ----        ------- ----- ------------
GSINIT0                             00000021    00000003 =           3. bytes (REL,CON,CODE)

      Value  Global                              Global Defined In Module
      -----  --------------------------------   ------------------------
C:   00000021  __sdcc_gsinit_startup              

ASxxxx Linker V03.00 + NoICE + sdld,  page 15.
Hexadecimal  [32-Bits]

Area                                    Addr        Size        Decimal Bytes (Attributes)
--------------------------------        ----        ----        ------- ----- ------------
GSINIT2                             00000024    0000000A =          10. bytes (REL,CON,CODE)

      Value  Global                              Global Defined In Module
      -----  --------------------------------   ------------------------
ASxxxx Linker V03.00 + NoICE + sdld,  page 16.
Hexadecimal  [32-Bits]

Area                                    Addr        Size        Decimal Bytes (Attributes)
--------------------------------        ----        ----        ------- ----- ------------
GSINIT3                             0000002E    00000022 =          34. bytes (REL,CON,CODE)

      Value  Global                              Global Defined In Module
      -----  --------------------------------   ------------------------
C:   0000002E  __mcs51_genXINIT                   

ASxxxx Linker V03.00 + NoICE + sdld,  page 17.
Hexadecimal  [32-Bits]

Area                                    Addr        Size        Decimal Bytes (Attributes)
--------------------------------        ----        ----        ------- ----- ------------
GSINIT4                             00000050    0000002A =          42. bytes (REL,CON,CODE)

      Value  Global                              Global Defined In Module
      -----  --------------------------------   ------------------------
C:   00000050  __mcs51_genRAMCLEAR                
C:   00000056  __mcs51_genXRAMCLEAR               

ASxxxx Linker V03.00 + NoICE + sdld,  page 18.
Hexadecimal  [32-Bits]

Area                                    Addr        Size        Decimal Bytes (Attributes)
--------------------------------        ----        ----        ------- ----- ------------
GSINIT                              0000007A    000000DC =         220. bytes (REL,CON,CODE)

      Value  Global                              Global Defined In Module
      -----  --------------------------------   ------------------------
ASxxxx Linker V03.00 + NoICE + sdld,  page 19.
Hexadecimal  [32-Bits]

Area                                    Addr        Size        Decimal Bytes (Attributes)
--------------------------------        ----        ----        ------- ----- ------------
GSFINAL                             00000156    00000003 =           3. bytes (REL,CON,CODE)

      Value  Global                              Global Defined In Module
      -----  --------------------------------   ------------------------
ASxxxx Linker V03.00 + NoICE + sdld,  page 20.
Hexadecimal  [32-Bits]

Area                                    Addr        Size        Decimal Bytes (Attributes)
--------------------------------        ----        ----        ------- ----- ------------
CSEG                                00000159    00000885 =        2181. bytes (REL,CON,CODE)

      Value  Global                              Global Defined In Module
      -----  --------------------------------   ------------------------
C:   00000159  _timer_0                           eOrgan_108321062
C:   000004C6  _timer_1                           eOrgan_108321062
C:   00000515  _main                              eOrgan_108321062
C:   00000634  __divulong                         _divulong
C:   00000699  ___fsmul                           _fsmul
C:   0000073C  fsgetargs                          _fsget2args
C:   0000076A  fs_normalize_a                     _fsnormalize
C:   0000079D  __mulint                           _mulint
C:   0000079D  __mulint_dummy                     _mulint
C:   000007BA  __divslong                         _divslong
C:   0000080C  _delay                             LED_Display
C:   00000852  _LED_Display                       LED_Display
C:   00000863  fs_round_and_return                _fsreturnval
C:   0000087B  fs_zerocheck_return                _fsreturnval
C:   00000884  fs_return_zero                     _fsreturnval
C:   0000088C  fs_direct_return                   _fsreturnval
C:   0000089A  fs_return_inf                      _fsreturnval
C:   000008A7  fs_return_nan                      _fsreturnval
C:   000008B2  ___uchar2fs                        _uchar2fs
C:   000008BD  ___fs2uchar                        _fs2uchar
C:   000008C5  _Keypad                            Keypad
C:   0000094B  ___ulong2fs                        _ulong2fs
C:   00000954  ulong2fs_doit                      _ulong2fs
C:   0000095E  __sdcc_external_startup            _startup
C:   00000962  ___fs2ulong                        _fs2ulong
C:   00000964  fs2ulong_begin                     _fs2ulong
C:   00000989  fs_rshift_a                        _fsrshift
C:   000009CC  fsgetarg                           _fsget1arg

ASxxxx Linker V03.00 + NoICE + sdld,  page 21.
Hexadecimal  [32-Bits]

Area                                    Addr        Size        Decimal Bytes (Attributes)
--------------------------------        ----        ----        ------- ----- ------------
CONST                               000009DE    0000002A =          42. bytes (REL,CON,CODE)

      Value  Global                              Global Defined In Module
      -----  --------------------------------   ------------------------
C:   000009DE  _tempo                             eOrgan_108321062
C:   000009E8  _LED_num                           LED_Display
C:   000009F8  _keypad_num                        Keypad
ASxxxx Linker V03.00 + NoICE + sdld,  page 22.

Files Linked                              [ module(s) ]

eOrgan-108321062.rel                      [  ]


Libraries Linked                          [ object file ]

E:\sdcc\bin\..\lib\small/liblong.lib      [ _divulong.rel ]
E:\sdcc\bin\..\lib\small/libfloat.lib     [ _fsmul.rel ]
E:\sdcc\bin\..\lib\small/libfloat.lib     [ _fsget2args.rel ]
E:\sdcc\bin\..\lib\small/mcs51.lib        [ crtclear.rel ]
E:\sdcc\bin\..\lib\small/libfloat.lib     [ _fsnormalize.rel ]
E:\sdcc\bin\..\lib\small/mcs51.lib        [ crtxinit.rel ]
E:\sdcc\bin\..\lib\small/libint.lib       [ _mulint.rel ]
E:\sdcc\bin\..\lib\small/mcs51.lib        [ crtxclear.rel ]
E:\sdcc\bin\..\lib\small/liblong.lib      [ _divslong.rel ]
myIO.lib                                  [ LED_Display.rel ]
E:\sdcc\bin\..\lib\small/libfloat.lib     [ _fsreturnval.rel ]
E:\sdcc\bin\..\lib\small/mcs51.lib        [ crtpagesfr.rel ]
E:\sdcc\bin\..\lib\small/mcs51.lib        [ crtstart.rel ]
E:\sdcc\bin\..\lib\small/libfloat.lib     [ _uchar2fs.rel ]
E:\sdcc\bin\..\lib\small/libfloat.lib     [ _fs2uchar.rel ]
myIO.lib                                  [ Keypad.rel ]
E:\sdcc\bin\..\lib\small/libfloat.lib     [ _ulong2fs.rel ]
E:\sdcc\bin\..\lib\small/libsdcc.lib      [ _startup.rel ]
E:\sdcc\bin\..\lib\small/libfloat.lib     [ _fs2ulong.rel ]
E:\sdcc\bin\..\lib\small/libfloat.lib     [ _fsrshift.rel ]
E:\sdcc\bin\..\lib\small/libfloat.lib     [ _fsget1arg.rel ]

ASxxxx Linker V03.00 + NoICE + sdld,  page 23.

User Base Address Definitions

HOME = 0x0000
XSEG = 0x0001
PSEG = 0x0001
ISEG = 0x0000
BSEG = 0x0000

